You have been allocated one or more GPUs.
Job 151078 running on easley053
Testing Size 1
PMPI_Alltoall Time 7.218749e-06
GPU-Aware Pairwise Exchange Time 3.409981e-06
GPU-Aware Nonblocking Time 3.404281e-06
Copy-to-CPU Pairwise Exchange Time 1.265935e-05
Copy-to-CPU Nonblocking Time 1.272437e-05
Testing Size 2
PMPI_Alltoall Time 7.207187e-06
GPU-Aware Pairwise Exchange Time 3.411037e-06
GPU-Aware Nonblocking Time 3.402847e-06
Copy-to-CPU Pairwise Exchange Time 1.291080e-05
Copy-to-CPU Nonblocking Time 1.296329e-05
Testing Size 4
PMPI_Alltoall Time 7.205507e-06
GPU-Aware Pairwise Exchange Time 3.416509e-06
GPU-Aware Nonblocking Time 3.410595e-06
Copy-to-CPU Pairwise Exchange Time 1.286333e-05
Copy-to-CPU Nonblocking Time 1.290464e-05
Testing Size 8
PMPI_Alltoall Time 7.206931e-06
GPU-Aware Pairwise Exchange Time 3.421593e-06
GPU-Aware Nonblocking Time 3.422638e-06
Copy-to-CPU Pairwise Exchange Time 1.291271e-05
Copy-to-CPU Nonblocking Time 1.296755e-05
Testing Size 16
PMPI_Alltoall Time 7.201176e-06
GPU-Aware Pairwise Exchange Time 3.458747e-06
GPU-Aware Nonblocking Time 3.449654e-06
Copy-to-CPU Pairwise Exchange Time 1.295210e-05
Copy-to-CPU Nonblocking Time 1.299877e-05
Testing Size 32
PMPI_Alltoall Time 7.200824e-06
GPU-Aware Pairwise Exchange Time 2.824896e-06
GPU-Aware Nonblocking Time 2.881115e-06
Copy-to-CPU Pairwise Exchange Time 1.301558e-05
Copy-to-CPU Nonblocking Time 1.307658e-05
Testing Size 64
PMPI_Alltoall Time 7.223923e-06
GPU-Aware Pairwise Exchange Time 2.855862e-06
GPU-Aware Nonblocking Time 2.912966e-06
Copy-to-CPU Pairwise Exchange Time 1.305365e-05
Copy-to-CPU Nonblocking Time 1.310716e-05
Testing Size 128
PMPI_Alltoall Time 7.227737e-06
GPU-Aware Pairwise Exchange Time 2.896217e-06
GPU-Aware Nonblocking Time 2.954216e-06
Copy-to-CPU Pairwise Exchange Time 1.338007e-05
Copy-to-CPU Nonblocking Time 1.345244e-05
Testing Size 256
PMPI_Alltoall Time 7.229175e-06
GPU-Aware Pairwise Exchange Time 2.982784e-06
GPU-Aware Nonblocking Time 3.038802e-06
Copy-to-CPU Pairwise Exchange Time 1.381761e-05
Copy-to-CPU Nonblocking Time 1.390525e-05
Testing Size 512
PMPI_Alltoall Time 7.237945e-06
GPU-Aware Pairwise Exchange Time 3.188929e-06
GPU-Aware Nonblocking Time 3.241911e-06
Copy-to-CPU Pairwise Exchange Time 1.443836e-05
Copy-to-CPU Nonblocking Time 1.479172e-05
Testing Size 1024
PMPI_Alltoall Time 7.263101e-06
GPU-Aware Pairwise Exchange Time 3.342124e-06
GPU-Aware Nonblocking Time 3.382351e-06
Copy-to-CPU Pairwise Exchange Time 1.588557e-05
Copy-to-CPU Nonblocking Time 1.826904e-05
Testing Size 2048
PMPI_Alltoall Time 7.328521e-06
GPU-Aware Pairwise Exchange Time 3.574154e-06
GPU-Aware Nonblocking Time 3.624526e-06
Copy-to-CPU Pairwise Exchange Time 1.873525e-05
Copy-to-CPU Nonblocking Time 2.056418e-05
Testing Size 4096
PMPI_Alltoall Time 7.423982e-06
GPU-Aware Pairwise Exchange Time 4.141709e-06
