Testing Size 1
PMPI_Alltoall Time 6.967843e-06
GPU-Aware Pairwise Exchange Time 1.692440e-07
GPU-Aware Nonblocking Time 1.865370e-07
Copy-to-CPU Pairwise Exchange Time 1.250582e-05
Copy-to-CPU Nonblocking Time 1.250392e-05
Testing Size 2
PMPI_Alltoall Time 6.955969e-06
GPU-Aware Pairwise Exchange Time 1.700136e-07
GPU-Aware Nonblocking Time 1.944192e-07
Copy-to-CPU Pairwise Exchange Time 1.258676e-05
Copy-to-CPU Nonblocking Time 1.253748e-05
Testing Size 4
PMPI_Alltoall Time 6.950089e-06
GPU-Aware Pairwise Exchange Time 1.700103e-07
GPU-Aware Nonblocking Time 1.929703e-07
Copy-to-CPU Pairwise Exchange Time 1.255021e-05
Copy-to-CPU Nonblocking Time 1.251516e-05
Testing Size 8
PMPI_Alltoall Time 6.951983e-06
GPU-Aware Pairwise Exchange Time 1.708992e-07
GPU-Aware Nonblocking Time 1.929050e-07
Copy-to-CPU Pairwise Exchange Time 1.259792e-05
Copy-to-CPU Nonblocking Time 1.260944e-05
Testing Size 16
PMPI_Alltoall Time 6.942560e-06
GPU-Aware Pairwise Exchange Time 1.727185e-07
GPU-Aware Nonblocking Time 1.970901e-07
Copy-to-CPU Pairwise Exchange Time 1.267250e-05
Copy-to-CPU Nonblocking Time 1.268359e-05
Testing Size 32
PMPI_Alltoall Time 6.937628e-06
GPU-Aware Pairwise Exchange Time 1.790119e-07
GPU-Aware Nonblocking Time 2.046335e-07
Copy-to-CPU Pairwise Exchange Time 1.267269e-05
Copy-to-CPU Nonblocking Time 1.269461e-05
Testing Size 64
PMPI_Alltoall Time 6.950715e-06
GPU-Aware Pairwise Exchange Time 1.912952e-07
GPU-Aware Nonblocking Time 2.235919e-07
Copy-to-CPU Pairwise Exchange Time 1.279296e-05
Copy-to-CPU Nonblocking Time 1.278583e-05
Testing Size 128
PMPI_Alltoall Time 6.971834e-06
GPU-Aware Pairwise Exchange Time 2.092884e-07
GPU-Aware Nonblocking Time 7.650981e-06
Copy-to-CPU Pairwise Exchange Time 1.295909e-05
Copy-to-CPU Nonblocking Time 1.301615e-05
Testing Size 256
PMPI_Alltoall Time 7.043043e-06
GPU-Aware Pairwise Exchange Time 7.583231e-06
GPU-Aware Nonblocking Time 7.657992e-06
Copy-to-CPU Pairwise Exchange Time 1.371367e-05
Copy-to-CPU Nonblocking Time 1.393210e-05
Testing Size 512
PMPI_Alltoall Time 7.062413e-06
GPU-Aware Pairwise Exchange Time 7.576276e-06
GPU-Aware Nonblocking Time 7.676133e-06
Copy-to-CPU Pairwise Exchange Time 1.448124e-05
Copy-to-CPU Nonblocking Time 1.459684e-05
Testing Size 1024
PMPI_Alltoall Time 7.065228e-06
GPU-Aware Pairwise Exchange Time 7.613759e-06
GPU-Aware Nonblocking Time 8.011378e-06
Copy-to-CPU Pairwise Exchange Time 1.532527e-05
Copy-to-CPU Nonblocking Time 1.507721e-05
Testing Size 2047
PMPI_Alltoall Time 7.172110e-06
GPU-Aware Pairwise Exchange Time 7.652875e-06
GPU-Aware Nonblocking Time 7.772269e-06
Copy-to-CPU Pairwise Exchange Time 1.647678e-05
Copy-to-CPU Nonblocking Time 1.614107e-05
Testing Size 4096
PMPI_Alltoall Time 7.139564e-06
GPU-Aware Pairwise Exchange Time 7.681321e-06
GPU-Aware Nonblocking Time 7.800222e-06
Copy-to-CPU Pairwise Exchange Time 1.936765e-05
Copy-to-CPU Nonblocking Time 1.800486e-05
Testing Size 8192
PMPI_Alltoall Time 7.213729e-06
GPU-Aware Pairwise Exchange Time 7.749346e-06
GPU-Aware Nonblocking Time 7.832519e-06
Copy-to-CPU Pairwise Exchange Time 2.504420e-05
Copy-to-CPU Nonblocking Time 2.183672e-05
Testing Size 16384
PMPI_Alltoall Time 7.259430e-06
GPU-Aware Pairwise Exchange Time 7.833737e-06
GPU-Aware Nonblocking Time 7.872975e-06
Copy-to-CPU Pairwise Exchange Time 2.606036e-05
Copy-to-CPU Nonblocking Time 2.337580e-05
Testing Size 32768
PMPI_Alltoall Time 7.257276e-06
GPU-Aware Pairwise Exchange Time 7.836609e-06
GPU-Aware Nonblocking Time 7.862562e-06
Copy-to-CPU Pairwise Exchange Time 3.135194e-05
Copy-to-CPU Nonblocking Time 3.153096e-05
Testing Size 65536
PMPI_Alltoall Time 7.383624e-06
GPU-Aware Pairwise Exchange Time 7.916391e-06
GPU-Aware Nonblocking Time 8.017000e-06
Copy-to-CPU Pairwise Exchange Time 4.813934e-05
Copy-to-CPU Nonblocking Time 4.838520e-05
Testing Size 131072
PMPI_Alltoall Time 7.814454e-06
GPU-Aware Pairwise Exchange Time 8.377364e-06
GPU-Aware Nonblocking Time 8.404112e-06
Copy-to-CPU Pairwise Exchange Time 8.636736e-05
Copy-to-CPU Nonblocking Time 8.609277e-05
Testing Size 262144
PMPI_Alltoall Time 8.052476e-06
GPU-Aware Pairwise Exchange Time 8.625037e-06
GPU-Aware Nonblocking Time 8.666169e-06
Copy-to-CPU Pairwise Exchange Time 7.418997e-03
Copy-to-CPU Nonblocking Time 7.208337e-03
Testing Size 524288
PMPI_Alltoall Time 8.819650e-06
GPU-Aware Pairwise Exchange Time 9.194491e-06
GPU-Aware Nonblocking Time 9.317228e-06
Copy-to-CPU Pairwise Exchange Time 1.440126e-02
Copy-to-CPU Nonblocking Time 1.433501e-02
